2025-10-06 12:27:44,027 : INFO  : main :  : NodeLogger :  :  : #########################################################################################
2025-10-06 12:27:44,028 : INFO  : main :  : NodeLogger :  :  : #                                                                                       #
2025-10-06 12:27:44,028 : INFO  : main :  : NodeLogger :  :  : # Welcome to KNIME Analytics Platform v5.5.1.v202507241444 (Build July 30, 2025)        #
2025-10-06 12:27:44,028 : INFO  : main :  : NodeLogger :  :  : # Based on Eclipse, http://www.eclipse.org                                              #
2025-10-06 12:27:44,028 : INFO  : main :  : NodeLogger :  :  : #                                                                                       #
2025-10-06 12:27:44,028 : INFO  : main :  : NodeLogger :  :  : #########################################################################################
2025-10-06 12:27:44,028 : INFO  : main :  : NodeLogger :  :  : #                                                                                       #
2025-10-06 12:27:44,028 : INFO  : main :  : NodeLogger :  :  : # Copyright by KNIME AG, Zurich, Switzerland and others.                                #
2025-10-06 12:27:44,028 : INFO  : main :  : NodeLogger :  :  : # Website: http://www.knime.com                                                         #
2025-10-06 12:27:44,028 : INFO  : main :  : NodeLogger :  :  : # E-mail: contact@knime.com                                                             #
2025-10-06 12:27:44,028 : INFO  : main :  : NodeLogger :  :  : #                                                                                       #
2025-10-06 12:27:44,028 : INFO  : main :  : NodeLogger :  :  : #########################################################################################
2025-10-06 12:27:44,028 : INFO  : main :  : NodeLogger :  :  : # For more details see the KNIME log file:                                              #
2025-10-06 12:27:44,028 : INFO  : main :  : NodeLogger :  :  : # /Users/skadi2910/projects/COS30045/.metadata/knime/knime.log
2025-10-06 12:27:44,028 : INFO  : main :  : NodeLogger :  :  : #---------------------------------------------------------------------------------------#
2025-10-06 12:27:44,033 : INFO  : main :  : NodeLogger :  :  : # logging date=Mon Oct 06 12:27:44 ICT 2025
2025-10-06 12:27:44,033 : INFO  : main :  : NodeLogger :  :  : # java.version=17.0.5
2025-10-06 12:27:44,033 : INFO  : main :  : NodeLogger :  :  : # java.vm.version=17.0.5+8
2025-10-06 12:27:44,033 : INFO  : main :  : NodeLogger :  :  : # java.vendor=Eclipse Adoptium
2025-10-06 12:27:44,033 : INFO  : main :  : NodeLogger :  :  : # os.name=Mac OS X
2025-10-06 12:27:44,033 : INFO  : main :  : NodeLogger :  :  : # os.arch=aarch64
2025-10-06 12:27:44,033 : INFO  : main :  : NodeLogger :  :  : # number of CPUs=12
2025-10-06 12:27:44,033 : INFO  : main :  : NodeLogger :  :  : # assertions=off
2025-10-06 12:27:44,039 : INFO  : main :  : NodeLogger :  :  : # host=MacBook-Pro-cua-JKL.local
2025-10-06 12:27:44,040 : INFO  : main :  : NodeLogger :  :  : # username=skadi2910
2025-10-06 12:27:44,040 : INFO  : main :  : NodeLogger :  :  : # max mem=2048MB
2025-10-06 12:27:44,040 : INFO  : main :  : NodeLogger :  :  : # application=org.knime.product.KNIME_APPLICATION
2025-10-06 12:27:44,044 : INFO  : main :  : NodeLogger :  :  : # KNID=11-68293bf890bd6422-01-67e0ef11e9f5c568
2025-10-06 12:27:44,044 : INFO  : main :  : NodeLogger :  :  : #########################################################################################
2025-10-06 12:27:44,046 : DEBUG : main :  : KNIMELogger :  :  : 12 messages were logged before logging was initialized; see below...
2025-10-06 12:27:43,731 : DEBUG : main :  : EclipseProxyServiceInitializer :  :  : (1/3) Opened OSGi service tracker for 'org.eclipse.core.net.proxy.IProxyService'
2025-10-06 12:27:43,758 : DEBUG : main :  : ApplicationHealth :  :  : Registering JMX bean for org.knime.core:type=Execution,name=GlobalPool
2025-10-06 12:27:43,759 : DEBUG : main :  : ApplicationHealth :  :  : Registering JMX bean for org.knime.core:type=Execution,name=NodeStates
2025-10-06 12:27:43,759 : DEBUG : main :  : ApplicationHealth :  :  : Registering JMX bean for org.knime.core:type=Memory,name=ObjectInstances
2025-10-06 12:27:43,762 : DEBUG : main :  : IEarlyStartup :  :  : Running application "org.knime.product.KNIME_APPLICATION"
2025-10-06 12:27:43,762 : DEBUG : main :  : IEarlyStartup :  :  : Moving from stage <none> to stage EARLIEST
2025-10-06 12:27:43,763 : DEBUG : main :  : IEarlyStartup :  :  : Executing startup hook `org.knime.core.node.logging.JavaUtilLoggingAdapter#run()` at stage EARLIEST
2025-10-06 12:27:43,763 : DEBUG : main :  : IEarlyStartup :  :  : Executing startup hook `org.knime.js.cef.CEFEarlyStartup#run()` at stage EARLIEST
2025-10-06 12:27:43,979 : DEBUG : main :  : KNIMEApplication :  :  : Checking for instance location
2025-10-06 12:27:43,980 : DEBUG : main :  : KNIMEApplication :  :  : Instance location set
2025-10-06 12:27:43,998 : DEBUG : main :  : IEarlyStartup :  :  : Moving from stage EARLIEST to stage AFTER_PROFILES_SET
2025-10-06 12:27:43,998 : DEBUG : main :  : IEarlyStartup :  :  : Executing startup hook `org.knime.core.node.logging.KNIMELogger$EarlyStartupInitializer#run()` at stage AFTER_PROFILES_SET
2025-10-06 12:27:44,047 : DEBUG : main :  : KNIMELogger :  :  : End of buffered log messages
2025-10-06 12:27:44,047 : DEBUG : main :  : IEarlyStartup :  :  : Executing startup hook `org.knime.core.eclipseUtil.EclipseProxyServiceInitializer#run()` at stage AFTER_PROFILES_SET
2025-10-06 12:27:44,058 : DEBUG : main :  : NativeProxyProviderWrapper :  :  : Invoked default constructor in class "class org.eclipse.core.internal.net.ProxyManager" via reflectionto forcibly create new instance
2025-10-06 12:27:44,058 : DEBUG : main :  : NativeProxyProviderWrapper :  :  : Forcibly set field "preferenceManager" in class "class org.eclipse.core.internal.net.ProxyManager" to "org.eclipse.core.internal.net.PreferenceManager@7c8874ef" via reflection
2025-10-06 12:27:44,060 : DEBUG : main :  : NativeProxyProviderWrapper :  :  : Forcibly set field "nativeProxyProvider" in class "class org.eclipse.core.internal.net.ProxyManager" to "org.knime.core.eclipseUtil.NativeProxyProviderWrapper@22a6d75c" via reflection
2025-10-06 12:27:44,060 : DEBUG : main :  : EclipseProxyServiceInitializer :  :  : (3/3) Successfully installed proxy support
2025-10-06 12:27:44,060 : DEBUG : main :  : EclipseProxyServiceInitializer :  :  : (2/3) Initialized OSGi service 'org.eclipse.core.net.proxy.IProxyService'
2025-10-06 12:27:44,060 : DEBUG : main :  : IEarlyStartup :  :  : Executing startup hook `org.knime.core.internal.MountTableInitializerEarlyStartup#run()` at stage AFTER_PROFILES_SET
2025-10-06 12:27:44,291 : DEBUG : main :  : WorkbenchMountTable :  :  : Mounted Explorer Temp Space 'knime-temp-space' - com.knime.explorer.tempspace
2025-10-06 12:27:44,296 : DEBUG : main :  : IEarlyStartup :  :  : Executing startup hook `org.knime.ui.java.OnEarlyStartup#run()` at stage AFTER_PROFILES_SET
2025-10-06 12:27:44,303 : DEBUG : KNIME-Worker-0 :  : NodeFactoryProvider :  :  : Duplicate node factory id: org.knime.base.node.preproc.filter.column.FilterColumnNodeFactory
2025-10-06 12:27:44,303 : DEBUG : KNIME-Worker-0 :  : NodeFactoryProvider :  :  : Duplicate node factory id: org.knime.base.node.preproc.joiner.NewJoinerNodeFactory
2025-10-06 12:27:44,303 : DEBUG : KNIME-Worker-0 :  : NodeFactoryProvider :  :  : Duplicate node factory id: org.knime.base.node.preproc.split.SplitNodeFactory
2025-10-06 12:27:44,303 : DEBUG : KNIME-Worker-0 :  : NodeFactoryProvider :  :  : Duplicate node factory id: org.knime.base.filehandling.filemetainfo.FileMetaInfoNodeFactory
2025-10-06 12:27:44,304 : DEBUG : KNIME-Worker-0 :  : NodeFactoryProvider :  :  : Duplicate node factory id: org.knime.distmatrix.knn.KnnDistNodeFactory
2025-10-06 12:27:44,305 : DEBUG : KNIME-Worker-0 :  : NodeFactoryProvider :  :  : Collected NodeFactory extensions... found 992 nodes (315 deprecated, 10 hidden) in 0.0s
2025-10-06 12:27:44,384 : DEBUG : KNIME-Worker-0 :  : NodeFactoryProvider :  :  : Collected NodeSetFactory extensions... found 3 node sets with 25 nodes in 0.1s
2025-10-06 12:27:44,444 : DEBUG : Node Repository Initializer :  : NodeSpecCache :  :  : Computing node specifications for KNIME AP Core feature
2025-10-06 12:27:44,517 : DEBUG : Node Repository Initializer :  : NodeSpecCache :  :  : Computing node specifications for KNIME Distance Matrix Extension
2025-10-06 12:27:44,526 : DEBUG : Node Repository Initializer :  : HiLiteHandler :  :  : Adding hilite translator to handler c283e178-f9b2-4bae-b88b-19b3f741470b
2025-10-06 12:27:44,533 : DEBUG : Node Repository Initializer :  : DistanceMeasureRepository :  :  : added factory: 'org.knime.base.node.mine.treeensemble2.distance.RandomForestDistanceFactory'
2025-10-06 12:27:44,534 : DEBUG : Node Repository Initializer :  : DistanceMeasureRepository :  :  : added factory: 'org.knime.distmatrix.calculate.measure.MatrixDistanceFactory'
2025-10-06 12:27:44,534 : DEBUG : Node Repository Initializer :  : DistanceMeasureRepository :  :  : added factory: 'org.knime.base.distance.measure.OldDistanceWrapperDistanceFactory'
2025-10-06 12:27:44,534 : DEBUG : Node Repository Initializer :  : DistanceMeasureRepository :  :  : added factory: 'org.knime.distance.measure.string.levenshtein.LevenshteinDistanceFactory'
2025-10-06 12:27:44,534 : DEBUG : Node Repository Initializer :  : DistanceMeasureRepository :  :  : added factory: 'org.knime.distance.measure.string.tversky.TverskyDistanceFactory'
2025-10-06 12:27:44,534 : DEBUG : Node Repository Initializer :  : DistanceMeasureRepository :  :  : added factory: 'org.knime.distance.measure.bitvector.cosine.CosineDistanceFactory'
2025-10-06 12:27:44,535 : DEBUG : Node Repository Initializer :  : DistanceMeasureRepository :  :  : added factory: 'org.knime.distance.measure.bitvector.tversky.TverskyDistanceFactory'
2025-10-06 12:27:44,535 : DEBUG : Node Repository Initializer :  : DistanceMeasureRepository :  :  : added factory: 'org.knime.base.distance.bytevector.CosineDistanceMeasureFactory'
2025-10-06 12:27:44,535 : DEBUG : Node Repository Initializer :  : DistanceMeasureRepository :  :  : added factory: 'org.knime.base.distance.bytevector.EuclideanDistanceMeasureFactory'
2025-10-06 12:27:44,535 : DEBUG : Node Repository Initializer :  : DistanceMeasureRepository :  :  : added factory: 'org.knime.base.distance.bytevector.ManhattanDistanceMeasureFactory'
2025-10-06 12:27:44,535 : DEBUG : Node Repository Initializer :  : DistanceMeasureRepository :  :  : added factory: 'org.knime.base.distance.bytevector.PNormDistanceMeasureFactory'
2025-10-06 12:27:44,535 : DEBUG : Node Repository Initializer :  : DistanceMeasureRepository :  :  : added factory: 'org.knime.distance.measure.numerical.lnorm.LNormDistanceFactory'
2025-10-06 12:27:44,536 : DEBUG : Node Repository Initializer :  : DistanceMeasureRepository :  :  : added factory: 'org.knime.distance.measure.numerical.cosine.CosineDistanceFactory'
2025-10-06 12:27:44,536 : DEBUG : Node Repository Initializer :  : DistanceMeasureRepository :  :  : added factory: 'org.knime.distance.measure.jsnippet.JSnippetDistanceFactory'
2025-10-06 12:27:44,536 : DEBUG : Node Repository Initializer :  : DistanceMeasureRepository :  :  : added factory: 'org.knime.distance.measure.jsnippet.aggregated.AggregatedDistanceFactory'
2025-10-06 12:27:44,536 : DEBUG : Node Repository Initializer :  : DistanceMeasureRepository :  :  : added factory: 'org.knime.distance.measure.mahalanobis.MahalanobisDistanceFactory'
2025-10-06 12:27:44,536 : DEBUG : Node Repository Initializer :  : DistanceMeasureRepository :  :  : added factory: 'org.knime.distance.measure.string.jarowinkler.JaroWinklerDistanceFactory'
2025-10-06 12:27:44,543 : DEBUG : Node Repository Initializer :  : DistanceMeasureDescriptionFactory :  :  : Loading description for factory: class org.knime.distance.measure.string.jarowinkler.JaroWinklerDistanceFactory
2025-10-06 12:27:44,547 : DEBUG : Node Repository Initializer :  : DistanceMeasureDescriptionFactory :  :  : Loading description for factory: class org.knime.distance.measure.string.jarowinkler.JaroWinklerDistanceFactory
2025-10-06 12:27:44,548 : DEBUG : Node Repository Initializer :  : DistanceMeasureDescriptionFactory :  :  : Loading description for factory: class org.knime.distance.measure.string.jarowinkler.JaroWinklerDistanceFactory
2025-10-06 12:27:44,548 : DEBUG : Node Repository Initializer :  : DistanceMeasureDescriptionFactory :  :  : Loading description for factory: class org.knime.distance.measure.string.jarowinkler.JaroWinklerDistanceFactory
2025-10-06 12:27:44,549 : DEBUG : Node Repository Initializer :  : DistanceMeasureDescriptionFactory :  :  : Loading description for factory: class org.knime.distance.measure.string.tversky.TverskyDistanceFactory
2025-10-06 12:27:44,549 : DEBUG : Node Repository Initializer :  : DistanceMeasureDescriptionFactory :  :  : Loading description for factory: class org.knime.distance.measure.string.tversky.TverskyDistanceFactory
2025-10-06 12:27:44,550 : DEBUG : Node Repository Initializer :  : DistanceMeasureDescriptionFactory :  :  : Loading description for factory: class org.knime.distance.measure.string.tversky.TverskyDistanceFactory
2025-10-06 12:27:44,550 : DEBUG : Node Repository Initializer :  : DistanceMeasureDescriptionFactory :  :  : Loading description for factory: class org.knime.distance.measure.string.tversky.TverskyDistanceFactory
2025-10-06 12:27:44,551 : DEBUG : Node Repository Initializer :  : DistanceMeasureDescriptionFactory :  :  : Loading description for factory: class org.knime.distance.measure.string.levenshtein.LevenshteinDistanceFactory
2025-10-06 12:27:44,551 : DEBUG : Node Repository Initializer :  : DistanceMeasureDescriptionFactory :  :  : Loading description for factory: class org.knime.distance.measure.string.levenshtein.LevenshteinDistanceFactory
2025-10-06 12:27:44,551 : DEBUG : Node Repository Initializer :  : DistanceMeasureDescriptionFactory :  :  : Loading description for factory: class org.knime.distance.measure.string.levenshtein.LevenshteinDistanceFactory
2025-10-06 12:27:44,552 : DEBUG : Node Repository Initializer :  : DistanceMeasureDescriptionFactory :  :  : Loading description for factory: class org.knime.distance.measure.string.levenshtein.LevenshteinDistanceFactory
2025-10-06 12:27:44,603 : DEBUG : Node Repository Initializer :  : DistanceMeasureDescriptionFactory :  :  : Loading description for factory: class org.knime.base.distance.bytevector.EuclideanDistanceMeasureFactory
2025-10-06 12:27:44,603 : DEBUG : Node Repository Initializer :  : DistanceMeasureDescriptionFactory :  :  : Loading description for factory: class org.knime.base.distance.bytevector.EuclideanDistanceMeasureFactory
2025-10-06 12:27:44,604 : DEBUG : Node Repository Initializer :  : DistanceMeasureDescriptionFactory :  :  : Loading description for factory: class org.knime.base.distance.bytevector.EuclideanDistanceMeasureFactory
2025-10-06 12:27:44,604 : DEBUG : Node Repository Initializer :  : DistanceMeasureDescriptionFactory :  :  : Loading description for factory: class org.knime.base.distance.bytevector.EuclideanDistanceMeasureFactory
2025-10-06 12:27:44,605 : DEBUG : Node Repository Initializer :  : DistanceMeasureDescriptionFactory :  :  : Loading description for factory: class org.knime.base.distance.bytevector.CosineDistanceMeasureFactory
2025-10-06 12:27:44,606 : DEBUG : Node Repository Initializer :  : DistanceMeasureDescriptionFactory :  :  : Loading description for factory: class org.knime.base.distance.bytevector.CosineDistanceMeasureFactory
2025-10-06 12:27:44,607 : DEBUG : Node Repository Initializer :  : DistanceMeasureDescriptionFactory :  :  : Loading description for factory: class org.knime.base.distance.bytevector.CosineDistanceMeasureFactory
2025-10-06 12:27:44,607 : DEBUG : Node Repository Initializer :  : DistanceMeasureDescriptionFactory :  :  : Loading description for factory: class org.knime.base.distance.bytevector.CosineDistanceMeasureFactory
2025-10-06 12:27:44,608 : DEBUG : Node Repository Initializer :  : DistanceMeasureDescriptionFactory :  :  : Loading description for factory: class org.knime.base.distance.bytevector.PNormDistanceMeasureFactory
2025-10-06 12:27:44,608 : DEBUG : Node Repository Initializer :  : DistanceMeasureDescriptionFactory :  :  : Loading description for factory: class org.knime.base.distance.bytevector.PNormDistanceMeasureFactory
2025-10-06 12:27:44,608 : DEBUG : Node Repository Initializer :  : DistanceMeasureDescriptionFactory :  :  : Loading description for factory: class org.knime.base.distance.bytevector.PNormDistanceMeasureFactory
2025-10-06 12:27:44,609 : DEBUG : Node Repository Initializer :  : DistanceMeasureDescriptionFactory :  :  : Loading description for factory: class org.knime.base.distance.bytevector.PNormDistanceMeasureFactory
2025-10-06 12:27:44,609 : DEBUG : Node Repository Initializer :  : DistanceMeasureDescriptionFactory :  :  : Loading description for factory: class org.knime.base.distance.bytevector.ManhattanDistanceMeasureFactory
2025-10-06 12:27:44,609 : DEBUG : Node Repository Initializer :  : DistanceMeasureDescriptionFactory :  :  : Loading description for factory: class org.knime.base.distance.bytevector.ManhattanDistanceMeasureFactory
2025-10-06 12:27:44,610 : DEBUG : Node Repository Initializer :  : DistanceMeasureDescriptionFactory :  :  : Loading description for factory: class org.knime.base.distance.bytevector.ManhattanDistanceMeasureFactory
2025-10-06 12:27:44,610 : DEBUG : Node Repository Initializer :  : DistanceMeasureDescriptionFactory :  :  : Loading description for factory: class org.knime.base.distance.bytevector.ManhattanDistanceMeasureFactory
2025-10-06 12:27:44,619 : DEBUG : Node Repository Initializer :  : DistanceMeasureDescriptionFactory :  :  : Loading description for factory: class org.knime.distance.measure.numerical.lnorm.LNormDistanceFactory
2025-10-06 12:27:44,620 : DEBUG : Node Repository Initializer :  : DistanceMeasureDescriptionFactory :  :  : Loading description for factory: class org.knime.distance.measure.numerical.lnorm.LNormDistanceFactory
2025-10-06 12:27:44,620 : DEBUG : Node Repository Initializer :  : DistanceMeasureDescriptionFactory :  :  : Loading description for factory: class org.knime.distance.measure.numerical.lnorm.LNormDistanceFactory
2025-10-06 12:27:44,620 : DEBUG : Node Repository Initializer :  : DistanceMeasureDescriptionFactory :  :  : Loading description for factory: class org.knime.distance.measure.numerical.lnorm.LNormDistanceFactory
2025-10-06 12:27:44,621 : DEBUG : Node Repository Initializer :  : DistanceMeasureDescriptionFactory :  :  : Loading description for factory: class org.knime.distance.measure.numerical.cosine.CosineDistanceFactory
2025-10-06 12:27:44,621 : DEBUG : Node Repository Initializer :  : DistanceMeasureDescriptionFactory :  :  : Loading description for factory: class org.knime.distance.measure.numerical.cosine.CosineDistanceFactory
2025-10-06 12:27:44,621 : DEBUG : Node Repository Initializer :  : DistanceMeasureDescriptionFactory :  :  : Loading description for factory: class org.knime.distance.measure.numerical.cosine.CosineDistanceFactory
2025-10-06 12:27:44,622 : DEBUG : Node Repository Initializer :  : DistanceMeasureDescriptionFactory :  :  : Loading description for factory: class org.knime.distance.measure.numerical.cosine.CosineDistanceFactory
2025-10-06 12:27:44,635 : DEBUG : Node Repository Initializer :  : HiLiteHandler :  :  : Adding hilite translator to handler f57e66f9-5623-4cb6-a47f-08b8be64b87b
2025-10-06 12:27:44,672 : DEBUG : Node Repository Initializer :  : HiLiteHandler :  :  : Adding hilite translator to handler 7df4a746-2866-4643-b7d3-92a6fb50949e
2025-10-06 12:27:44,674 : DEBUG : Node Repository Initializer :  : DistanceMeasureDescriptionFactory :  :  : Loading description for factory: class org.knime.distance.measure.bitvector.tversky.TverskyDistanceFactory
2025-10-06 12:27:44,674 : DEBUG : Node Repository Initializer :  : DistanceMeasureDescriptionFactory :  :  : Loading description for factory: class org.knime.distance.measure.bitvector.tversky.TverskyDistanceFactory
2025-10-06 12:27:44,674 : DEBUG : Node Repository Initializer :  : DistanceMeasureDescriptionFactory :  :  : Loading description for factory: class org.knime.distance.measure.bitvector.tversky.TverskyDistanceFactory
2025-10-06 12:27:44,675 : DEBUG : Node Repository Initializer :  : DistanceMeasureDescriptionFactory :  :  : Loading description for factory: class org.knime.distance.measure.bitvector.tversky.TverskyDistanceFactory
2025-10-06 12:27:44,675 : DEBUG : Node Repository Initializer :  : DistanceMeasureDescriptionFactory :  :  : Loading description for factory: class org.knime.distance.measure.bitvector.cosine.CosineDistanceFactory
2025-10-06 12:27:44,675 : DEBUG : Node Repository Initializer :  : DistanceMeasureDescriptionFactory :  :  : Loading description for factory: class org.knime.distance.measure.bitvector.cosine.CosineDistanceFactory
2025-10-06 12:27:44,676 : DEBUG : Node Repository Initializer :  : DistanceMeasureDescriptionFactory :  :  : Loading description for factory: class org.knime.distance.measure.bitvector.cosine.CosineDistanceFactory
2025-10-06 12:27:44,676 : DEBUG : Node Repository Initializer :  : DistanceMeasureDescriptionFactory :  :  : Loading description for factory: class org.knime.distance.measure.bitvector.cosine.CosineDistanceFactory
2025-10-06 12:27:44,698 : DEBUG : Node Repository Initializer :  : NodeSpecCache :  :  : Computing node specifications for KNIME Quick Forms
2025-10-06 12:27:44,712 : DEBUG : Node Repository Initializer :  : MoleculeSketcherRegistry :  :  : Added molecule sketcher 'org.knime.ext.js.molecule.Ketcher_2_7_2' from 'org.knime.ext.js'
2025-10-06 12:27:44,840 : DEBUG : Node Repository Initializer :  : NodeSpecCache :  :  : Computing node specifications for KNIME File Handling Nodes
2025-10-06 12:27:44,899 : DEBUG : Node Repository Initializer :  : ExtensionPoints :  :  : Loading executable extensions of extension point: org.knime.database.RowFilter
2025-10-06 12:27:44,901 : DEBUG : Node Repository Initializer :  : ExtensionPoints :  :  : Executable extension initializer has been created
2025-10-06 12:27:44,901 : DEBUG : Node Repository Initializer :  : ExtensionPoints :  :  : Executable is instance of MSAccessRowFilterInitializer
2025-10-06 12:27:44,905 : DEBUG : Node Repository Initializer :  : ExtensionPoints :  :  : Loading extensions of extension point: org.knime.database.DBType
2025-10-06 12:27:44,906 : DEBUG : Node Repository Initializer :  : DBTypeRegistry :  :  : Register database type: DBType(id=h2, name=H2, description=null)
2025-10-06 12:27:44,906 : DEBUG : Node Repository Initializer :  : DBTypeRegistry :  :  : Register database type: DBType(id=msaccess, name=Microsoft Access, description=null)
2025-10-06 12:27:44,907 : DEBUG : Node Repository Initializer :  : DBTypeRegistry :  :  : Register database type: DBType(id=mssqlserver, name=Microsoft SQL Server, description=null)
2025-10-06 12:27:44,907 : DEBUG : Node Repository Initializer :  : DBTypeRegistry :  :  : Register database type: DBType(id=mysql, name=MySQL, description=null)
2025-10-06 12:27:44,907 : DEBUG : Node Repository Initializer :  : DBTypeRegistry :  :  : Register database type: DBType(id=postgres, name=PostgreSQL, description=null)
2025-10-06 12:27:44,907 : DEBUG : Node Repository Initializer :  : DBTypeRegistry :  :  : Register database type: DBType(id=sqlite, name=SQLite, description=null)
2025-10-06 12:27:44,907 : DEBUG : Node Repository Initializer :  : DBTypeRegistry :  :  : Register database type: DBType(id=db2, name=IBM Db2, description=null)
2025-10-06 12:27:44,907 : DEBUG : Node Repository Initializer :  : DBTypeRegistry :  :  : Register database type: DBType(id=oracle, name=Oracle, description=null)
2025-10-06 12:27:44,907 : DEBUG : Node Repository Initializer :  : DBTypeRegistry :  :  : Register database type: DBType(id=saphana, name=SAP HANA, description=null)
2025-10-06 12:27:44,907 : DEBUG : Node Repository Initializer :  : DBTypeRegistry :  :  : Register database type: DBType(id=teradata, name=Teradata, description=null)
2025-10-06 12:27:44,907 : DEBUG : Node Repository Initializer :  : DBTypeRegistry :  :  : Register database type: DBType(id=vertica, name=Vertica, description=Vertica Analytics Platform)
2025-10-06 12:27:44,909 : DEBUG : Node Repository Initializer :  : ExtensionPoints :  :  : Executable extension initializer has been created
2025-10-06 12:27:44,909 : DEBUG : Node Repository Initializer :  : ExtensionPoints :  :  : Executable is instance of SQLiteRowFilterInitializer
2025-10-06 12:27:44,911 : DEBUG : Node Repository Initializer :  : ExtensionPoints :  :  : Executable extension initializer has been created
2025-10-06 12:27:44,911 : DEBUG : Node Repository Initializer :  : ExtensionPoints :  :  : Executable is instance of OracleRowFilterInitializer
2025-10-06 12:27:44,918 : DEBUG : Node Repository Initializer :  : MicrosoftAuthenticationPlugin :  :  : Failed to initialize the JAX-RS 1.x RuntimeDelegate. Provided error message: java.lang.ClassNotFoundException: com.sun.ws.rs.ext.RuntimeDelegateImpl cannot be found by javax.ws.rs.jsr311-api_1.1.1
2025-10-06 12:27:45,071 : DEBUG : Node Repository Initializer :  : NodeSpecCache :  :  : Computing node specifications for KNIME File Handling Core
2025-10-06 12:27:45,074 : DEBUG : Node Repository Initializer :  : NodeSpecCache :  :  : Computing node specifications for KNIME JavaScript Views
2025-10-06 12:27:45,107 : INFO  : main :  : StringHistory :  :  : History file '/Users/skadi2910/projects/COS30045/.metadata/knime/history_database_drivers.txt' does not exist.
2025-10-06 12:27:45,107 : INFO  : main :  : StringHistory :  :  : History file '/Users/skadi2910/projects/COS30045/.metadata/knime/history_database_urls.txt' does not exist.
2025-10-06 12:27:45,107 : DEBUG : main :  : DatabaseConnectionSettings :  :  : Settings database timeout to 15 seconds
2025-10-06 12:27:45,107 : DEBUG : main :  : DatabaseConnectionSettings :  :  : Database concurrency (sync via database connection) is true.
2025-10-06 12:27:45,108 : DEBUG : main :  : KNIMECorePlugin :  :  : Setting KNIME max thread count to 24
2025-10-06 12:27:45,108 : DEBUG : main :  : KNIMECorePlugin :  :  : Setting KNIME temp dir to "/var/folders/y1/5s9yw3vx22dc7v8kc1cr_dxr0000gn/T"
2025-10-06 12:28:32,242 : INFO  : main :  : NodeLogger :  :  : #########################################################################################
2025-10-06 12:28:32,243 : INFO  : main :  : NodeLogger :  :  : #                                                                                       #
2025-10-06 12:28:32,243 : INFO  : main :  : NodeLogger :  :  : # Welcome to KNIME Analytics Platform v5.5.1.v202507241444 (Build July 30, 2025)        #
2025-10-06 12:28:32,243 : INFO  : main :  : NodeLogger :  :  : # Based on Eclipse, http://www.eclipse.org                                              #
2025-10-06 12:28:32,243 : INFO  : main :  : NodeLogger :  :  : #                                                                                       #
2025-10-06 12:28:32,243 : INFO  : main :  : NodeLogger :  :  : #########################################################################################
2025-10-06 12:28:32,243 : INFO  : main :  : NodeLogger :  :  : #                                                                                       #
2025-10-06 12:28:32,243 : INFO  : main :  : NodeLogger :  :  : # Copyright by KNIME AG, Zurich, Switzerland and others.                                #
2025-10-06 12:28:32,243 : INFO  : main :  : NodeLogger :  :  : # Website: http://www.knime.com                                                         #
2025-10-06 12:28:32,243 : INFO  : main :  : NodeLogger :  :  : # E-mail: contact@knime.com                                                             #
2025-10-06 12:28:32,243 : INFO  : main :  : NodeLogger :  :  : #                                                                                       #
2025-10-06 12:28:32,243 : INFO  : main :  : NodeLogger :  :  : #########################################################################################
2025-10-06 12:28:32,243 : INFO  : main :  : NodeLogger :  :  : # For more details see the KNIME log file:                                              #
2025-10-06 12:28:32,243 : INFO  : main :  : NodeLogger :  :  : # /Users/skadi2910/projects/COS30045/.metadata/knime/knime.log
2025-10-06 12:28:32,243 : INFO  : main :  : NodeLogger :  :  : #---------------------------------------------------------------------------------------#
2025-10-06 12:28:32,247 : INFO  : main :  : NodeLogger :  :  : # logging date=Mon Oct 06 12:28:32 ICT 2025
2025-10-06 12:28:32,247 : INFO  : main :  : NodeLogger :  :  : # java.version=17.0.5
2025-10-06 12:28:32,247 : INFO  : main :  : NodeLogger :  :  : # java.vm.version=17.0.5+8
2025-10-06 12:28:32,247 : INFO  : main :  : NodeLogger :  :  : # java.vendor=Eclipse Adoptium
2025-10-06 12:28:32,247 : INFO  : main :  : NodeLogger :  :  : # os.name=Mac OS X
2025-10-06 12:28:32,247 : INFO  : main :  : NodeLogger :  :  : # os.arch=aarch64
2025-10-06 12:28:32,247 : INFO  : main :  : NodeLogger :  :  : # number of CPUs=12
2025-10-06 12:28:32,248 : INFO  : main :  : NodeLogger :  :  : # assertions=off
2025-10-06 12:28:32,253 : INFO  : main :  : NodeLogger :  :  : # host=MacBook-Pro-cua-JKL.local
2025-10-06 12:28:32,254 : INFO  : main :  : NodeLogger :  :  : # username=skadi2910
2025-10-06 12:28:32,254 : INFO  : main :  : NodeLogger :  :  : # max mem=2048MB
2025-10-06 12:28:32,254 : INFO  : main :  : NodeLogger :  :  : # application=org.knime.product.KNIME_APPLICATION
2025-10-06 12:28:32,258 : INFO  : main :  : NodeLogger :  :  : # KNID=11-68293bf890bd6422-01-67e0ef11e9f5c568
2025-10-06 12:28:32,258 : INFO  : main :  : NodeLogger :  :  : #########################################################################################
2025-10-06 12:28:32,261 : DEBUG : main :  : KNIMELogger :  :  : 12 messages were logged before logging was initialized; see below...
2025-10-06 12:28:31,937 : DEBUG : main :  : EclipseProxyServiceInitializer :  :  : (1/3) Opened OSGi service tracker for 'org.eclipse.core.net.proxy.IProxyService'
2025-10-06 12:28:31,965 : DEBUG : main :  : ApplicationHealth :  :  : Registering JMX bean for org.knime.core:type=Execution,name=GlobalPool
2025-10-06 12:28:31,965 : DEBUG : main :  : ApplicationHealth :  :  : Registering JMX bean for org.knime.core:type=Execution,name=NodeStates
2025-10-06 12:28:31,966 : DEBUG : main :  : ApplicationHealth :  :  : Registering JMX bean for org.knime.core:type=Memory,name=ObjectInstances
2025-10-06 12:28:31,969 : DEBUG : main :  : IEarlyStartup :  :  : Running application "org.knime.product.KNIME_APPLICATION"
2025-10-06 12:28:31,969 : DEBUG : main :  : IEarlyStartup :  :  : Moving from stage <none> to stage EARLIEST
2025-10-06 12:28:31,970 : DEBUG : main :  : IEarlyStartup :  :  : Executing startup hook `org.knime.core.node.logging.JavaUtilLoggingAdapter#run()` at stage EARLIEST
2025-10-06 12:28:31,970 : DEBUG : main :  : IEarlyStartup :  :  : Executing startup hook `org.knime.js.cef.CEFEarlyStartup#run()` at stage EARLIEST
2025-10-06 12:28:32,193 : DEBUG : main :  : KNIMEApplication :  :  : Checking for instance location
2025-10-06 12:28:32,194 : DEBUG : main :  : KNIMEApplication :  :  : Instance location set
2025-10-06 12:28:32,213 : DEBUG : main :  : IEarlyStartup :  :  : Moving from stage EARLIEST to stage AFTER_PROFILES_SET
2025-10-06 12:28:32,213 : DEBUG : main :  : IEarlyStartup :  :  : Executing startup hook `org.knime.core.node.logging.KNIMELogger$EarlyStartupInitializer#run()` at stage AFTER_PROFILES_SET
2025-10-06 12:28:32,261 : DEBUG : main :  : KNIMELogger :  :  : End of buffered log messages
2025-10-06 12:28:32,261 : DEBUG : main :  : IEarlyStartup :  :  : Executing startup hook `org.knime.core.eclipseUtil.EclipseProxyServiceInitializer#run()` at stage AFTER_PROFILES_SET
2025-10-06 12:28:32,274 : DEBUG : main :  : NativeProxyProviderWrapper :  :  : Invoked default constructor in class "class org.eclipse.core.internal.net.ProxyManager" via reflectionto forcibly create new instance
2025-10-06 12:28:32,274 : DEBUG : main :  : NativeProxyProviderWrapper :  :  : Forcibly set field "preferenceManager" in class "class org.eclipse.core.internal.net.ProxyManager" to "org.eclipse.core.internal.net.PreferenceManager@3e5beab5" via reflection
2025-10-06 12:28:32,276 : DEBUG : main :  : NativeProxyProviderWrapper :  :  : Forcibly set field "nativeProxyProvider" in class "class org.eclipse.core.internal.net.ProxyManager" to "org.knime.core.eclipseUtil.NativeProxyProviderWrapper@5d194314" via reflection
2025-10-06 12:28:32,276 : DEBUG : main :  : EclipseProxyServiceInitializer :  :  : (3/3) Successfully installed proxy support
2025-10-06 12:28:32,276 : DEBUG : main :  : EclipseProxyServiceInitializer :  :  : (2/3) Initialized OSGi service 'org.eclipse.core.net.proxy.IProxyService'
2025-10-06 12:28:32,276 : DEBUG : main :  : IEarlyStartup :  :  : Executing startup hook `org.knime.core.internal.MountTableInitializerEarlyStartup#run()` at stage AFTER_PROFILES_SET
2025-10-06 12:28:32,505 : DEBUG : main :  : WorkbenchMountTable :  :  : Mounted Explorer Temp Space 'knime-temp-space' - com.knime.explorer.tempspace
2025-10-06 12:28:32,511 : DEBUG : main :  : IEarlyStartup :  :  : Executing startup hook `org.knime.ui.java.OnEarlyStartup#run()` at stage AFTER_PROFILES_SET
2025-10-06 12:28:32,518 : DEBUG : KNIME-Worker-0 :  : NodeFactoryProvider :  :  : Duplicate node factory id: org.knime.base.node.preproc.filter.column.FilterColumnNodeFactory
2025-10-06 12:28:32,518 : DEBUG : KNIME-Worker-0 :  : NodeFactoryProvider :  :  : Duplicate node factory id: org.knime.base.node.preproc.joiner.NewJoinerNodeFactory
2025-10-06 12:28:32,518 : DEBUG : KNIME-Worker-0 :  : NodeFactoryProvider :  :  : Duplicate node factory id: org.knime.base.node.preproc.split.SplitNodeFactory
2025-10-06 12:28:32,519 : DEBUG : KNIME-Worker-0 :  : NodeFactoryProvider :  :  : Duplicate node factory id: org.knime.base.filehandling.filemetainfo.FileMetaInfoNodeFactory
2025-10-06 12:28:32,519 : DEBUG : KNIME-Worker-0 :  : NodeFactoryProvider :  :  : Duplicate node factory id: org.knime.distmatrix.knn.KnnDistNodeFactory
2025-10-06 12:28:32,521 : DEBUG : KNIME-Worker-0 :  : NodeFactoryProvider :  :  : Collected NodeFactory extensions... found 992 nodes (315 deprecated, 10 hidden) in 0.0s
2025-10-06 12:28:32,609 : DEBUG : KNIME-Worker-0 :  : NodeFactoryProvider :  :  : Collected NodeSetFactory extensions... found 3 node sets with 25 nodes in 0.1s
2025-10-06 12:28:32,673 : DEBUG : Node Repository Initializer :  : NodeSpecCache :  :  : Computing node specifications for KNIME AP Core feature
2025-10-06 12:28:32,742 : DEBUG : Node Repository Initializer :  : NodeSpecCache :  :  : Computing node specifications for KNIME Distance Matrix Extension
2025-10-06 12:28:32,749 : DEBUG : Node Repository Initializer :  : DistanceMeasureRepository :  :  : added factory: 'org.knime.base.node.mine.treeensemble2.distance.RandomForestDistanceFactory'
2025-10-06 12:28:32,749 : DEBUG : Node Repository Initializer :  : DistanceMeasureRepository :  :  : added factory: 'org.knime.distmatrix.calculate.measure.MatrixDistanceFactory'
2025-10-06 12:28:32,750 : DEBUG : Node Repository Initializer :  : DistanceMeasureRepository :  :  : added factory: 'org.knime.base.distance.measure.OldDistanceWrapperDistanceFactory'
2025-10-06 12:28:32,750 : DEBUG : Node Repository Initializer :  : DistanceMeasureRepository :  :  : added factory: 'org.knime.distance.measure.string.levenshtein.LevenshteinDistanceFactory'
2025-10-06 12:28:32,750 : DEBUG : Node Repository Initializer :  : DistanceMeasureRepository :  :  : added factory: 'org.knime.distance.measure.string.tversky.TverskyDistanceFactory'
2025-10-06 12:28:32,750 : DEBUG : Node Repository Initializer :  : DistanceMeasureRepository :  :  : added factory: 'org.knime.distance.measure.bitvector.cosine.CosineDistanceFactory'
2025-10-06 12:28:32,751 : DEBUG : Node Repository Initializer :  : DistanceMeasureRepository :  :  : added factory: 'org.knime.distance.measure.bitvector.tversky.TverskyDistanceFactory'
2025-10-06 12:28:32,751 : DEBUG : Node Repository Initializer :  : DistanceMeasureRepository :  :  : added factory: 'org.knime.base.distance.bytevector.CosineDistanceMeasureFactory'
2025-10-06 12:28:32,751 : DEBUG : Node Repository Initializer :  : DistanceMeasureRepository :  :  : added factory: 'org.knime.base.distance.bytevector.EuclideanDistanceMeasureFactory'
2025-10-06 12:28:32,751 : DEBUG : Node Repository Initializer :  : DistanceMeasureRepository :  :  : added factory: 'org.knime.base.distance.bytevector.ManhattanDistanceMeasureFactory'
2025-10-06 12:28:32,752 : DEBUG : Node Repository Initializer :  : DistanceMeasureRepository :  :  : added factory: 'org.knime.base.distance.bytevector.PNormDistanceMeasureFactory'
2025-10-06 12:28:32,752 : DEBUG : Node Repository Initializer :  : DistanceMeasureRepository :  :  : added factory: 'org.knime.distance.measure.numerical.lnorm.LNormDistanceFactory'
2025-10-06 12:28:32,752 : DEBUG : Node Repository Initializer :  : DistanceMeasureRepository :  :  : added factory: 'org.knime.distance.measure.numerical.cosine.CosineDistanceFactory'
2025-10-06 12:28:32,752 : DEBUG : Node Repository Initializer :  : DistanceMeasureRepository :  :  : added factory: 'org.knime.distance.measure.jsnippet.JSnippetDistanceFactory'
2025-10-06 12:28:32,752 : DEBUG : Node Repository Initializer :  : DistanceMeasureRepository :  :  : added factory: 'org.knime.distance.measure.jsnippet.aggregated.AggregatedDistanceFactory'
2025-10-06 12:28:32,753 : DEBUG : Node Repository Initializer :  : DistanceMeasureRepository :  :  : added factory: 'org.knime.distance.measure.mahalanobis.MahalanobisDistanceFactory'
2025-10-06 12:28:32,753 : DEBUG : Node Repository Initializer :  : DistanceMeasureRepository :  :  : added factory: 'org.knime.distance.measure.string.jarowinkler.JaroWinklerDistanceFactory'
2025-10-06 12:28:32,760 : DEBUG : Node Repository Initializer :  : DistanceMeasureDescriptionFactory :  :  : Loading description for factory: class org.knime.distance.measure.string.jarowinkler.JaroWinklerDistanceFactory
2025-10-06 12:28:32,764 : DEBUG : Node Repository Initializer :  : DistanceMeasureDescriptionFactory :  :  : Loading description for factory: class org.knime.distance.measure.string.jarowinkler.JaroWinklerDistanceFactory
2025-10-06 12:28:32,765 : DEBUG : Node Repository Initializer :  : DistanceMeasureDescriptionFactory :  :  : Loading description for factory: class org.knime.distance.measure.string.jarowinkler.JaroWinklerDistanceFactory
2025-10-06 12:28:32,765 : DEBUG : Node Repository Initializer :  : DistanceMeasureDescriptionFactory :  :  : Loading description for factory: class org.knime.distance.measure.string.jarowinkler.JaroWinklerDistanceFactory
2025-10-06 12:28:32,766 : DEBUG : Node Repository Initializer :  : DistanceMeasureDescriptionFactory :  :  : Loading description for factory: class org.knime.distance.measure.string.tversky.TverskyDistanceFactory
2025-10-06 12:28:32,766 : DEBUG : Node Repository Initializer :  : DistanceMeasureDescriptionFactory :  :  : Loading description for factory: class org.knime.distance.measure.string.tversky.TverskyDistanceFactory
2025-10-06 12:28:32,767 : DEBUG : Node Repository Initializer :  : DistanceMeasureDescriptionFactory :  :  : Loading description for factory: class org.knime.distance.measure.string.tversky.TverskyDistanceFactory
2025-10-06 12:28:32,767 : DEBUG : Node Repository Initializer :  : DistanceMeasureDescriptionFactory :  :  : Loading description for factory: class org.knime.distance.measure.string.tversky.TverskyDistanceFactory
2025-10-06 12:28:32,768 : DEBUG : Node Repository Initializer :  : DistanceMeasureDescriptionFactory :  :  : Loading description for factory: class org.knime.distance.measure.string.levenshtein.LevenshteinDistanceFactory
2025-10-06 12:28:32,768 : DEBUG : Node Repository Initializer :  : DistanceMeasureDescriptionFactory :  :  : Loading description for factory: class org.knime.distance.measure.string.levenshtein.LevenshteinDistanceFactory
2025-10-06 12:28:32,769 : DEBUG : Node Repository Initializer :  : DistanceMeasureDescriptionFactory :  :  : Loading description for factory: class org.knime.distance.measure.string.levenshtein.LevenshteinDistanceFactory
2025-10-06 12:28:32,769 : DEBUG : Node Repository Initializer :  : DistanceMeasureDescriptionFactory :  :  : Loading description for factory: class org.knime.distance.measure.string.levenshtein.LevenshteinDistanceFactory
2025-10-06 12:28:32,831 : DEBUG : Node Repository Initializer :  : DistanceMeasureDescriptionFactory :  :  : Loading description for factory: class org.knime.distance.measure.numerical.lnorm.LNormDistanceFactory
2025-10-06 12:28:32,832 : DEBUG : Node Repository Initializer :  : DistanceMeasureDescriptionFactory :  :  : Loading description for factory: class org.knime.distance.measure.numerical.lnorm.LNormDistanceFactory
2025-10-06 12:28:32,832 : DEBUG : Node Repository Initializer :  : DistanceMeasureDescriptionFactory :  :  : Loading description for factory: class org.knime.distance.measure.numerical.lnorm.LNormDistanceFactory
2025-10-06 12:28:32,833 : DEBUG : Node Repository Initializer :  : DistanceMeasureDescriptionFactory :  :  : Loading description for factory: class org.knime.distance.measure.numerical.lnorm.LNormDistanceFactory
2025-10-06 12:28:32,833 : DEBUG : Node Repository Initializer :  : DistanceMeasureDescriptionFactory :  :  : Loading description for factory: class org.knime.distance.measure.numerical.cosine.CosineDistanceFactory
2025-10-06 12:28:32,834 : DEBUG : Node Repository Initializer :  : DistanceMeasureDescriptionFactory :  :  : Loading description for factory: class org.knime.distance.measure.numerical.cosine.CosineDistanceFactory
2025-10-06 12:28:32,834 : DEBUG : Node Repository Initializer :  : DistanceMeasureDescriptionFactory :  :  : Loading description for factory: class org.knime.distance.measure.numerical.cosine.CosineDistanceFactory
2025-10-06 12:28:32,834 : DEBUG : Node Repository Initializer :  : DistanceMeasureDescriptionFactory :  :  : Loading description for factory: class org.knime.distance.measure.numerical.cosine.CosineDistanceFactory
2025-10-06 12:28:32,859 : DEBUG : Node Repository Initializer :  : DistanceMeasureDescriptionFactory :  :  : Loading description for factory: class org.knime.distance.measure.bitvector.tversky.TverskyDistanceFactory
2025-10-06 12:28:32,859 : DEBUG : Node Repository Initializer :  : DistanceMeasureDescriptionFactory :  :  : Loading description for factory: class org.knime.distance.measure.bitvector.tversky.TverskyDistanceFactory
2025-10-06 12:28:32,860 : DEBUG : Node Repository Initializer :  : DistanceMeasureDescriptionFactory :  :  : Loading description for factory: class org.knime.distance.measure.bitvector.tversky.TverskyDistanceFactory
2025-10-06 12:28:32,860 : DEBUG : Node Repository Initializer :  : DistanceMeasureDescriptionFactory :  :  : Loading description for factory: class org.knime.distance.measure.bitvector.tversky.TverskyDistanceFactory
2025-10-06 12:28:32,861 : DEBUG : Node Repository Initializer :  : DistanceMeasureDescriptionFactory :  :  : Loading description for factory: class org.knime.distance.measure.bitvector.cosine.CosineDistanceFactory
2025-10-06 12:28:32,861 : DEBUG : Node Repository Initializer :  : DistanceMeasureDescriptionFactory :  :  : Loading description for factory: class org.knime.distance.measure.bitvector.cosine.CosineDistanceFactory
2025-10-06 12:28:32,861 : DEBUG : Node Repository Initializer :  : DistanceMeasureDescriptionFactory :  :  : Loading description for factory: class org.knime.distance.measure.bitvector.cosine.CosineDistanceFactory
2025-10-06 12:28:32,862 : DEBUG : Node Repository Initializer :  : DistanceMeasureDescriptionFactory :  :  : Loading description for factory: class org.knime.distance.measure.bitvector.cosine.CosineDistanceFactory
2025-10-06 12:28:32,913 : DEBUG : Node Repository Initializer :  : HiLiteHandler :  :  : Adding hilite translator to handler 32ada8ae-2fc5-4f6e-a35c-f06dfd5a49ae
2025-10-06 12:28:32,918 : DEBUG : Node Repository Initializer :  : HiLiteHandler :  :  : Adding hilite translator to handler df53d4b9-11c4-484b-ad34-65104e1742e2
2025-10-06 12:28:32,919 : DEBUG : Node Repository Initializer :  : DistanceMeasureDescriptionFactory :  :  : Loading description for factory: class org.knime.base.distance.bytevector.EuclideanDistanceMeasureFactory
2025-10-06 12:28:32,920 : DEBUG : Node Repository Initializer :  : DistanceMeasureDescriptionFactory :  :  : Loading description for factory: class org.knime.base.distance.bytevector.EuclideanDistanceMeasureFactory
2025-10-06 12:28:32,921 : DEBUG : Node Repository Initializer :  : DistanceMeasureDescriptionFactory :  :  : Loading description for factory: class org.knime.base.distance.bytevector.EuclideanDistanceMeasureFactory
2025-10-06 12:28:32,921 : DEBUG : Node Repository Initializer :  : DistanceMeasureDescriptionFactory :  :  : Loading description for factory: class org.knime.base.distance.bytevector.EuclideanDistanceMeasureFactory
2025-10-06 12:28:32,921 : DEBUG : Node Repository Initializer :  : DistanceMeasureDescriptionFactory :  :  : Loading description for factory: class org.knime.base.distance.bytevector.CosineDistanceMeasureFactory
2025-10-06 12:28:32,922 : DEBUG : Node Repository Initializer :  : DistanceMeasureDescriptionFactory :  :  : Loading description for factory: class org.knime.base.distance.bytevector.CosineDistanceMeasureFactory
2025-10-06 12:28:32,922 : DEBUG : Node Repository Initializer :  : DistanceMeasureDescriptionFactory :  :  : Loading description for factory: class org.knime.base.distance.bytevector.CosineDistanceMeasureFactory
2025-10-06 12:28:32,922 : DEBUG : Node Repository Initializer :  : DistanceMeasureDescriptionFactory :  :  : Loading description for factory: class org.knime.base.distance.bytevector.CosineDistanceMeasureFactory
2025-10-06 12:28:32,923 : DEBUG : Node Repository Initializer :  : DistanceMeasureDescriptionFactory :  :  : Loading description for factory: class org.knime.base.distance.bytevector.PNormDistanceMeasureFactory
2025-10-06 12:28:32,923 : DEBUG : Node Repository Initializer :  : DistanceMeasureDescriptionFactory :  :  : Loading description for factory: class org.knime.base.distance.bytevector.PNormDistanceMeasureFactory
2025-10-06 12:28:32,923 : DEBUG : Node Repository Initializer :  : DistanceMeasureDescriptionFactory :  :  : Loading description for factory: class org.knime.base.distance.bytevector.PNormDistanceMeasureFactory
2025-10-06 12:28:32,923 : DEBUG : Node Repository Initializer :  : DistanceMeasureDescriptionFactory :  :  : Loading description for factory: class org.knime.base.distance.bytevector.PNormDistanceMeasureFactory
2025-10-06 12:28:32,924 : DEBUG : Node Repository Initializer :  : DistanceMeasureDescriptionFactory :  :  : Loading description for factory: class org.knime.base.distance.bytevector.ManhattanDistanceMeasureFactory
2025-10-06 12:28:32,924 : DEBUG : Node Repository Initializer :  : DistanceMeasureDescriptionFactory :  :  : Loading description for factory: class org.knime.base.distance.bytevector.ManhattanDistanceMeasureFactory
2025-10-06 12:28:32,924 : DEBUG : Node Repository Initializer :  : DistanceMeasureDescriptionFactory :  :  : Loading description for factory: class org.knime.base.distance.bytevector.ManhattanDistanceMeasureFactory
2025-10-06 12:28:32,925 : DEBUG : Node Repository Initializer :  : DistanceMeasureDescriptionFactory :  :  : Loading description for factory: class org.knime.base.distance.bytevector.ManhattanDistanceMeasureFactory
2025-10-06 12:28:32,932 : DEBUG : Node Repository Initializer :  : HiLiteHandler :  :  : Adding hilite translator to handler 1bb4653a-6e4c-4df5-baeb-42d5abaa9b2d
2025-10-06 12:28:32,933 : DEBUG : Node Repository Initializer :  : NodeSpecCache :  :  : Computing node specifications for KNIME Quick Forms
2025-10-06 12:28:32,952 : DEBUG : Node Repository Initializer :  : MoleculeSketcherRegistry :  :  : Added molecule sketcher 'org.knime.ext.js.molecule.Ketcher_2_7_2' from 'org.knime.ext.js'
2025-10-06 12:28:33,096 : DEBUG : Node Repository Initializer :  : NodeSpecCache :  :  : Computing node specifications for KNIME File Handling Nodes
2025-10-06 12:28:33,176 : DEBUG : Node Repository Initializer :  : ExtensionPoints :  :  : Loading executable extensions of extension point: org.knime.database.RowFilter
2025-10-06 12:28:33,178 : DEBUG : Node Repository Initializer :  : ExtensionPoints :  :  : Executable extension initializer has been created
2025-10-06 12:28:33,178 : DEBUG : Node Repository Initializer :  : ExtensionPoints :  :  : Executable is instance of MSAccessRowFilterInitializer
2025-10-06 12:28:33,181 : DEBUG : Node Repository Initializer :  : ExtensionPoints :  :  : Loading extensions of extension point: org.knime.database.DBType
2025-10-06 12:28:33,182 : DEBUG : Node Repository Initializer :  : DBTypeRegistry :  :  : Register database type: DBType(id=h2, name=H2, description=null)
2025-10-06 12:28:33,182 : DEBUG : Node Repository Initializer :  : DBTypeRegistry :  :  : Register database type: DBType(id=msaccess, name=Microsoft Access, description=null)
2025-10-06 12:28:33,183 : DEBUG : Node Repository Initializer :  : DBTypeRegistry :  :  : Register database type: DBType(id=mssqlserver, name=Microsoft SQL Server, description=null)
2025-10-06 12:28:33,183 : DEBUG : Node Repository Initializer :  : DBTypeRegistry :  :  : Register database type: DBType(id=mysql, name=MySQL, description=null)
2025-10-06 12:28:33,183 : DEBUG : Node Repository Initializer :  : DBTypeRegistry :  :  : Register database type: DBType(id=postgres, name=PostgreSQL, description=null)
2025-10-06 12:28:33,183 : DEBUG : Node Repository Initializer :  : DBTypeRegistry :  :  : Register database type: DBType(id=sqlite, name=SQLite, description=null)
2025-10-06 12:28:33,183 : DEBUG : Node Repository Initializer :  : DBTypeRegistry :  :  : Register database type: DBType(id=db2, name=IBM Db2, description=null)
2025-10-06 12:28:33,183 : DEBUG : Node Repository Initializer :  : DBTypeRegistry :  :  : Register database type: DBType(id=oracle, name=Oracle, description=null)
2025-10-06 12:28:33,183 : DEBUG : Node Repository Initializer :  : DBTypeRegistry :  :  : Register database type: DBType(id=saphana, name=SAP HANA, description=null)
2025-10-06 12:28:33,183 : DEBUG : Node Repository Initializer :  : DBTypeRegistry :  :  : Register database type: DBType(id=teradata, name=Teradata, description=null)
2025-10-06 12:28:33,184 : DEBUG : Node Repository Initializer :  : DBTypeRegistry :  :  : Register database type: DBType(id=vertica, name=Vertica, description=Vertica Analytics Platform)
2025-10-06 12:28:33,185 : DEBUG : Node Repository Initializer :  : ExtensionPoints :  :  : Executable extension initializer has been created
2025-10-06 12:28:33,185 : DEBUG : Node Repository Initializer :  : ExtensionPoints :  :  : Executable is instance of SQLiteRowFilterInitializer
2025-10-06 12:28:33,186 : DEBUG : Node Repository Initializer :  : ExtensionPoints :  :  : Executable extension initializer has been created
2025-10-06 12:28:33,186 : DEBUG : Node Repository Initializer :  : ExtensionPoints :  :  : Executable is instance of OracleRowFilterInitializer
2025-10-06 12:28:33,195 : DEBUG : Node Repository Initializer :  : MicrosoftAuthenticationPlugin :  :  : Failed to initialize the JAX-RS 1.x RuntimeDelegate. Provided error message: java.lang.ClassNotFoundException: com.sun.ws.rs.ext.RuntimeDelegateImpl cannot be found by javax.ws.rs.jsr311-api_1.1.1
2025-10-06 12:28:33,330 : DEBUG : Node Repository Initializer :  : NodeSpecCache :  :  : Computing node specifications for KNIME File Handling Core
2025-10-06 12:28:33,334 : DEBUG : Node Repository Initializer :  : NodeSpecCache :  :  : Computing node specifications for KNIME JavaScript Views
2025-10-06 12:28:33,340 : INFO  : main :  : StringHistory :  :  : History file '/Users/skadi2910/projects/COS30045/.metadata/knime/history_database_drivers.txt' does not exist.
2025-10-06 12:28:33,340 : INFO  : main :  : StringHistory :  :  : History file '/Users/skadi2910/projects/COS30045/.metadata/knime/history_database_urls.txt' does not exist.
2025-10-06 12:28:33,340 : DEBUG : main :  : DatabaseConnectionSettings :  :  : Settings database timeout to 15 seconds
2025-10-06 12:28:33,340 : DEBUG : main :  : DatabaseConnectionSettings :  :  : Database concurrency (sync via database connection) is true.
2025-10-06 12:28:33,340 : DEBUG : main :  : KNIMECorePlugin :  :  : Setting KNIME max thread count to 24
2025-10-06 12:28:33,340 : DEBUG : main :  : KNIMECorePlugin :  :  : Setting KNIME temp dir to "/var/folders/y1/5s9yw3vx22dc7v8kc1cr_dxr0000gn/T"
